------------------------------------------------------------
TimeQuest Timing Analyzer Summary
------------------------------------------------------------

Type  : Slow 1100mV 85C Model Setup 'mysystem:u0|mysystem_arm_a9_hps:arm_a9_hps|mysystem_arm_a9_hps_hps_io:hps_io|mysystem_arm_a9_hps_hps_io_border:border|hps_sdram:hps_sdram_inst|hps_sdram_pll:pll|afi_clk_write_clk'
Slack : 2.593
TNS   : 0.000

Type  : Slow 1100mV 85C Model Setup 'altera_reserved_tck'
Slack : 13.890
TNS   : 0.000

Type  : Slow 1100mV 85C Model Hold 'mysystem:u0|mysystem_arm_a9_hps:arm_a9_hps|mysystem_arm_a9_hps_hps_io:hps_io|mysystem_arm_a9_hps_hps_io_border:border|hps_sdram:hps_sdram_inst|hps_sdram_pll:pll|afi_clk_write_clk'
Slack : 0.143
TNS   : 0.000

Type  : Slow 1100mV 85C Model Hold 'altera_reserved_tck'
Slack : 0.350
TNS   : 0.000

Type  : Slow 1100mV 85C Model Recovery 'mysystem:u0|mysystem_arm_a9_hps:arm_a9_hps|mysystem_arm_a9_hps_hps_io:hps_io|mysystem_arm_a9_hps_hps_io_border:border|hps_sdram:hps_sdram_inst|hps_sdram_pll:pll|afi_clk_write_clk'
Slack : 5.071
TNS   : 0.000

Type  : Slow 1100mV 85C Model Recovery 'altera_reserved_tck'
Slack : 13.257
TNS   : 0.000

Type  : Slow 1100mV 85C Model Removal 'altera_reserved_tck'
Slack : 0.792
TNS   : 0.000

Type  : Slow 1100mV 85C Model Removal 'mysystem:u0|mysystem_arm_a9_hps:arm_a9_hps|mysystem_arm_a9_hps_hps_io:hps_io|mysystem_arm_a9_hps_hps_io_border:border|hps_sdram:hps_sdram_inst|hps_sdram_pll:pll|afi_clk_write_clk'
Slack : 1.063
TNS   : 0.000

Type  : Slow 1100mV 85C Model Minimum Pulse Width 'mysystem:u0|mysystem_arm_a9_hps:arm_a9_hps|mysystem_arm_a9_hps_hps_io:hps_io|mysystem_arm_a9_hps_hps_io_border:border|hps_sdram:hps_sdram_inst|hps_sdram_pll:pll|pll_write_clk_dq_write_clk'
Slack : 1.025
TNS   : 0.000

Type  : Slow 1100mV 85C Model Minimum Pulse Width 'mysystem:u0|mysystem_arm_a9_hps:arm_a9_hps|mysystem_arm_a9_hps_hps_io:hps_io|mysystem_arm_a9_hps_hps_io_border:border|hps_sdram:hps_sdram_inst|hps_sdram_pll:pll|afi_clk_write_clk'
Slack : 1.039
TNS   : 0.000

Type  : Slow 1100mV 85C Model Minimum Pulse Width 'altera_reserved_tck'
Slack : 15.967
TNS   : 0.000

Type  : Slow 1100mV 0C Model Setup 'mysystem:u0|mysystem_arm_a9_hps:arm_a9_hps|mysystem_arm_a9_hps_hps_io:hps_io|mysystem_arm_a9_hps_hps_io_border:border|hps_sdram:hps_sdram_inst|hps_sdram_pll:pll|afi_clk_write_clk'
Slack : 2.590
TNS   : 0.000

Type  : Slow 1100mV 0C Model Setup 'altera_reserved_tck'
Slack : 13.831
TNS   : 0.000

Type  : Slow 1100mV 0C Model Hold 'mysystem:u0|mysystem_arm_a9_hps:arm_a9_hps|mysystem_arm_a9_hps_hps_io:hps_io|mysystem_arm_a9_hps_hps_io_border:border|hps_sdram:hps_sdram_inst|hps_sdram_pll:pll|afi_clk_write_clk'
Slack : 0.162
TNS   : 0.000

Type  : Slow 1100mV 0C Model Hold 'altera_reserved_tck'
Slack : 0.379
TNS   : 0.000

Type  : Slow 1100mV 0C Model Recovery 'mysystem:u0|mysystem_arm_a9_hps:arm_a9_hps|mysystem_arm_a9_hps_hps_io:hps_io|mysystem_arm_a9_hps_hps_io_border:border|hps_sdram:hps_sdram_inst|hps_sdram_pll:pll|afi_clk_write_clk'
Slack : 5.164
TNS   : 0.000

Type  : Slow 1100mV 0C Model Recovery 'altera_reserved_tck'
Slack : 13.370
TNS   : 0.000

Type  : Slow 1100mV 0C Model Removal 'altera_reserved_tck'
Slack : 0.745
TNS   : 0.000

Type  : Slow 1100mV 0C Model Removal 'mysystem:u0|mysystem_arm_a9_hps:arm_a9_hps|mysystem_arm_a9_hps_hps_io:hps_io|mysystem_arm_a9_hps_hps_io_border:border|hps_sdram:hps_sdram_inst|hps_sdram_pll:pll|afi_clk_write_clk'
Slack : 1.012
TNS   : 0.000

Type  : Slow 1100mV 0C Model Minimum Pulse Width 'mysystem:u0|mysystem_arm_a9_hps:arm_a9_hps|mysystem_arm_a9_hps_hps_io:hps_io|mysystem_arm_a9_hps_hps_io_border:border|hps_sdram:hps_sdram_inst|hps_sdram_pll:pll|pll_write_clk_dq_write_clk'
Slack : 1.030
TNS   : 0.000

Type  : Slow 1100mV 0C Model Minimum Pulse Width 'mysystem:u0|mysystem_arm_a9_hps:arm_a9_hps|mysystem_arm_a9_hps_hps_io:hps_io|mysystem_arm_a9_hps_hps_io_border:border|hps_sdram:hps_sdram_inst|hps_sdram_pll:pll|afi_clk_write_clk'
Slack : 1.046
TNS   : 0.000

Type  : Slow 1100mV 0C Model Minimum Pulse Width 'altera_reserved_tck'
Slack : 15.982
TNS   : 0.000

Type  : Fast 1100mV 85C Model Setup 'mysystem:u0|mysystem_arm_a9_hps:arm_a9_hps|mysystem_arm_a9_hps_hps_io:hps_io|mysystem_arm_a9_hps_hps_io_border:border|hps_sdram:hps_sdram_inst|hps_sdram_pll:pll|afi_clk_write_clk'
Slack : 2.973
TNS   : 0.000

Type  : Fast 1100mV 85C Model Setup 'altera_reserved_tck'
Slack : 15.430
TNS   : 0.000

Type  : Fast 1100mV 85C Model Hold 'mysystem:u0|mysystem_arm_a9_hps:arm_a9_hps|mysystem_arm_a9_hps_hps_io:hps_io|mysystem_arm_a9_hps_hps_io_border:border|hps_sdram:hps_sdram_inst|hps_sdram_pll:pll|afi_clk_write_clk'
Slack : 0.084
TNS   : 0.000

Type  : Fast 1100mV 85C Model Hold 'altera_reserved_tck'
Slack : 0.177
TNS   : 0.000

Type  : Fast 1100mV 85C Model Recovery 'mysystem:u0|mysystem_arm_a9_hps:arm_a9_hps|mysystem_arm_a9_hps_hps_io:hps_io|mysystem_arm_a9_hps_hps_io_border:border|hps_sdram:hps_sdram_inst|hps_sdram_pll:pll|afi_clk_write_clk'
Slack : 5.423
TNS   : 0.000

Type  : Fast 1100mV 85C Model Recovery 'altera_reserved_tck'
Slack : 14.923
TNS   : 0.000

Type  : Fast 1100mV 85C Model Removal 'altera_reserved_tck'
Slack : 0.434
TNS   : 0.000

Type  : Fast 1100mV 85C Model Removal 'mysystem:u0|mysystem_arm_a9_hps:arm_a9_hps|mysystem_arm_a9_hps_hps_io:hps_io|mysystem_arm_a9_hps_hps_io_border:border|hps_sdram:hps_sdram_inst|hps_sdram_pll:pll|afi_clk_write_clk'
Slack : 0.984
TNS   : 0.000

Type  : Fast 1100mV 85C Model Minimum Pulse Width 'mysystem:u0|mysystem_arm_a9_hps:arm_a9_hps|mysystem_arm_a9_hps_hps_io:hps_io|mysystem_arm_a9_hps_hps_io_border:border|hps_sdram:hps_sdram_inst|hps_sdram_pll:pll|pll_write_clk_dq_write_clk'
Slack : 1.300
TNS   : 0.000

Type  : Fast 1100mV 85C Model Minimum Pulse Width 'mysystem:u0|mysystem_arm_a9_hps:arm_a9_hps|mysystem_arm_a9_hps_hps_io:hps_io|mysystem_arm_a9_hps_hps_io_border:border|hps_sdram:hps_sdram_inst|hps_sdram_pll:pll|afi_clk_write_clk'
Slack : 1.307
TNS   : 0.000

Type  : Fast 1100mV 85C Model Minimum Pulse Width 'altera_reserved_tck'
Slack : 15.878
TNS   : 0.000

Type  : Fast 1100mV 0C Model Setup 'mysystem:u0|mysystem_arm_a9_hps:arm_a9_hps|mysystem_arm_a9_hps_hps_io:hps_io|mysystem_arm_a9_hps_hps_io_border:border|hps_sdram:hps_sdram_inst|hps_sdram_pll:pll|afi_clk_write_clk'
Slack : 2.973
TNS   : 0.000

Type  : Fast 1100mV 0C Model Setup 'altera_reserved_tck'
Slack : 15.561
TNS   : 0.000

Type  : Fast 1100mV 0C Model Hold 'mysystem:u0|mysystem_arm_a9_hps:arm_a9_hps|mysystem_arm_a9_hps_hps_io:hps_io|mysystem_arm_a9_hps_hps_io_border:border|hps_sdram:hps_sdram_inst|hps_sdram_pll:pll|afi_clk_write_clk'
Slack : 0.077
TNS   : 0.000

Type  : Fast 1100mV 0C Model Hold 'altera_reserved_tck'
Slack : 0.166
TNS   : 0.000

Type  : Fast 1100mV 0C Model Recovery 'mysystem:u0|mysystem_arm_a9_hps:arm_a9_hps|mysystem_arm_a9_hps_hps_io:hps_io|mysystem_arm_a9_hps_hps_io_border:border|hps_sdram:hps_sdram_inst|hps_sdram_pll:pll|afi_clk_write_clk'
Slack : 5.521
TNS   : 0.000

Type  : Fast 1100mV 0C Model Recovery 'altera_reserved_tck'
Slack : 15.141
TNS   : 0.000

Type  : Fast 1100mV 0C Model Removal 'altera_reserved_tck'
Slack : 0.393
TNS   : 0.000

Type  : Fast 1100mV 0C Model Removal 'mysystem:u0|mysystem_arm_a9_hps:arm_a9_hps|mysystem_arm_a9_hps_hps_io:hps_io|mysystem_arm_a9_hps_hps_io_border:border|hps_sdram:hps_sdram_inst|hps_sdram_pll:pll|afi_clk_write_clk'
Slack : 0.889
TNS   : 0.000

Type  : Fast 1100mV 0C Model Minimum Pulse Width 'mysystem:u0|mysystem_arm_a9_hps:arm_a9_hps|mysystem_arm_a9_hps_hps_io:hps_io|mysystem_arm_a9_hps_hps_io_border:border|hps_sdram:hps_sdram_inst|hps_sdram_pll:pll|pll_write_clk_dq_write_clk'
Slack : 1.304
TNS   : 0.000

Type  : Fast 1100mV 0C Model Minimum Pulse Width 'mysystem:u0|mysystem_arm_a9_hps:arm_a9_hps|mysystem_arm_a9_hps_hps_io:hps_io|mysystem_arm_a9_hps_hps_io_border:border|hps_sdram:hps_sdram_inst|hps_sdram_pll:pll|afi_clk_write_clk'
Slack : 1.311
TNS   : 0.000

Type  : Fast 1100mV 0C Model Minimum Pulse Width 'altera_reserved_tck'
Slack : 15.865
TNS   : 0.000

------------------------------------------------------------
